Get:1 file:/etc/apt/apt-mirrors.txt Mirrorlist [144 B]
Hit:2 http://azure.archive.ubuntu.com/ubuntu noble InRelease
Get:6 https://packages.microsoft.com/repos/azure-cli noble InRelease [3564 B]
Get:7 https://packages.microsoft.com/ubuntu/24.04/prod noble InRelease [3600 B]
Get:3 http://azure.archive.ubuntu.com/ubuntu noble-updates InRelease [126 kB]
Get:4 http://azure.archive.ubuntu.com/ubuntu noble-backports InRelease [126 kB]
Get:5 http://azure.archive.ubuntu.com/ubuntu noble-security InRelease [126 kB]
Get:8 https://dl.google.com/linux/chrome-stable/deb stable InRelease [2548 B]
Get:9 https://packages.microsoft.com/repos/azure-cli noble/main amd64 Packages [2375 B]
Get:10 https://packages.microsoft.com/ubuntu/24.04/prod noble/main arm64 Packages [231 kB]
Get:11 https://packages.microsoft.com/ubuntu/24.04/prod noble/main amd64 Packages [265 kB]
Get:12 http://azure.archive.ubuntu.com/ubuntu noble-updates/main amd64 Packages [1174 kB]
Get:13 http://azure.archive.ubuntu.com/ubuntu noble-updates/main Translation-en [280 kB]
Get:14 http://azure.archive.ubuntu.com/ubuntu noble-updates/main amd64 Components [181 kB]
Get:15 http://azure.archive.ubuntu.com/ubuntu noble-updates/universe amd64 Packages [1681 kB]
Get:16 http://azure.archive.ubuntu.com/ubuntu noble-updates/universe Translation-en [334 kB]
Get:17 http://azure.archive.ubuntu.com/ubuntu noble-updates/universe amd64 Components [388 kB]
Get:18 http://azure.archive.ubuntu.com/ubuntu noble-updates/restricted amd64 Packages [1398 kB]
Get:19 http://azure.archive.ubuntu.com/ubuntu noble-updates/restricted Translation-en [316 kB]
Get:20 http://azure.archive.ubuntu.com/ubuntu noble-updates/multiverse amd64 Packages [45.4 kB]
Get:21 http://azure.archive.ubuntu.com/ubuntu noble-updates/multiverse Translation-en [12.3 kB]
Get:22 http://azure.archive.ubuntu.com/ubuntu noble-updates/multiverse amd64 Components [940 B]
Get:23 http://azure.archive.ubuntu.com/ubuntu noble-backports/main amd64 Components [5768 B]
Get:24 http://azure.archive.ubuntu.com/ubuntu noble-backports/universe amd64 Packages [31.0 kB]
Get:25 http://azure.archive.ubuntu.com/ubuntu noble-backports/universe amd64 Components [12.6 kB]
Get:26 http://azure.archive.ubuntu.com/ubuntu noble-security/main amd64 Packages [897 kB]
Get:27 http://azure.archive.ubuntu.com/ubuntu noble-security/main Translation-en [198 kB]
Get:28 http://azure.archive.ubuntu.com/ubuntu noble-security/main amd64 Components [46.4 kB]
Get:29 http://azure.archive.ubuntu.com/ubuntu noble-security/universe amd64 Packages [1199 kB]
Get:30 http://azure.archive.ubuntu.com/ubuntu noble-security/universe Translation-en [239 kB]
Get:31 http://azure.archive.ubuntu.com/ubuntu noble-security/universe amd64 Components [76.3 kB]
Get:32 http://azure.archive.ubuntu.com/ubuntu noble-security/restricted amd64 Packages [1273 kB]
Get:33 http://azure.archive.ubuntu.com/ubuntu noble-security/restricted Translation-en [290 kB]
Get:34 http://azure.archive.ubuntu.com/ubuntu noble-security/multiverse amd64 Packages [40.3 kB]
Get:35 http://azure.archive.ubuntu.com/ubuntu noble-security/multiverse Translation-en [10.6 kB]
Get:36 https://dl.google.com/linux/chrome-stable/deb stable/main amd64 Packages [1410 B]
Fetched 11.0 MB in 1s (8355 kB/s)
Reading package lists...
