Collecting cffi==2.0.0 (from -r requirements-toolchain.lock (line 3))
  Using cached cffi-2.0.0-cp312-cp312-manylinux2014_x86_64.manylinux_2_17_x86_64.whl.metadata (2.6 kB)
Collecting cryptography==50.0.0 (from -r requirements-toolchain.lock (line 4))
  Using cached cryptography-50.0.0-cp311-abi3-manylinux_2_34_x86_64.whl.metadata (4.3 kB)
Collecting Pillow==12.3.0 (from -r requirements-toolchain.lock (line 5))
  Using cached pillow-12.3.0-cp312-cp312-manylinux_2_27_x86_64.manylinux_2_28_x86_64.whl.metadata (9.1 kB)
Collecting pycparser==3.0 (from -r requirements-toolchain.lock (line 6))
  Using cached pycparser-3.0-py3-none-any.whl.metadata (8.2 kB)
Collecting bandit==1.9.4 (from -r requirements-toolchain.lock (line 8))
  Using cached bandit-1.9.4-py3-none-any.whl.metadata (7.1 kB)
Collecting coverage==7.13.3 (from -r requirements-toolchain.lock (line 9))
  Using cached coverage-7.13.3-cp312-cp312-manylinux1_x86_64.manylinux_2_28_x86_64.manylinux_2_5_x86_64.whl.metadata (8.5 kB)
Collecting mypy==2.3.0 (from -r requirements-toolchain.lock (line 10))
  Using cached mypy-2.3.0-cp312-cp312-manylinux2014_x86_64.manylinux_2_17_x86_64.manylinux_2_28_x86_64.whl.metadata (2.4 kB)
Collecting pip-audit==2.10.1 (from -r requirements-toolchain.lock (line 11))
  Using cached pip_audit-2.10.1-py3-none-any.whl.metadata (28 kB)
Collecting pytest==9.0.2 (from -r requirements-toolchain.lock (line 12))
  Using cached pytest-9.0.2-py3-none-any.whl.metadata (7.6 kB)
Collecting pytest-cov==7.0.0 (from -r requirements-toolchain.lock (line 13))
  Using cached pytest_cov-7.0.0-py3-none-any.whl.metadata (31 kB)
Collecting ruff==0.16.1 (from -r requirements-toolchain.lock (line 14))
  Using cached ruff-0.16.1-py3-none-manylinux_2_17_x86_64.manylinux2014_x86_64.whl.metadata (26 kB)
Requirement already satisfied: PyYAML>=5.3.1 in /usr/lib/python3/dist-packages (from bandit==1.9.4->-r requirements-toolchain.lock (line 8)) (6.0.1)
Collecting stevedore>=1.20.0 (from bandit==1.9.4->-r requirements-toolchain.lock (line 8))
  Using cached stevedore-5.9.0-py3-none-any.whl.metadata (2.3 kB)
Requirement already satisfied: rich in /usr/lib/python3/dist-packages (from bandit==1.9.4->-r requirements-toolchain.lock (line 8)) (13.7.1)
Requirement already satisfied: typing_extensions>=4.6.0 in /usr/lib/python3/dist-packages (from mypy==2.3.0->-r requirements-toolchain.lock (line 10)) (4.10.0)
Collecting mypy_extensions>=1.0.0 (from mypy==2.3.0->-r requirements-toolchain.lock (line 10))
  Using cached mypy_extensions-1.1.0-py3-none-any.whl.metadata (1.1 kB)
Collecting pathspec>=1.0.0 (from mypy==2.3.0->-r requirements-toolchain.lock (line 10))
  Using cached pathspec-1.1.1-py3-none-any.whl.metadata (14 kB)
Collecting librt>=0.13.0 (from mypy==2.3.0->-r requirements-toolchain.lock (line 10))
  Using cached librt-0.13.0-cp312-cp312-manylinux2014_x86_64.manylinux_2_17_x86_64.manylinux_2_28_x86_64.whl.metadata (1.3 kB)
Collecting ast-serialize<1.0.0,>=0.6.0 (from mypy==2.3.0->-r requirements-toolchain.lock (line 10))
  Using cached ast_serialize-0.6.0-cp39-abi3-manylinux_2_17_x86_64.manylinux2014_x86_64.whl.metadata (1.3 kB)
Collecting CacheControl>=0.13.0 (from CacheControl[filecache]>=0.13.0->pip-audit==2.10.1->-r requirements-toolchain.lock (line 11))
  Using cached cachecontrol-0.14.4-py3-none-any.whl.metadata (3.1 kB)
Collecting cyclonedx-python-lib<12,>=5 (from pip-audit==2.10.1->-r requirements-toolchain.lock (line 11))
  Using cached cyclonedx_python_lib-11.11.0-py3-none-any.whl.metadata (6.9 kB)
Requirement already satisfied: packaging>=23.0.0 in /usr/lib/python3/dist-packages (from pip-audit==2.10.1->-r requirements-toolchain.lock (line 11)) (24.0)
Collecting pip-api>=0.0.28 (from pip-audit==2.10.1->-r requirements-toolchain.lock (line 11))
  Using cached pip_api-0.0.34-py3-none-any.whl.metadata (6.6 kB)
Collecting pip-requirements-parser>=32.0.0 (from pip-audit==2.10.1->-r requirements-toolchain.lock (line 11))
  Using cached pip_requirements_parser-32.0.1-py3-none-any.whl.metadata (9.3 kB)
Requirement already satisfied: requests>=2.31.0 in /usr/lib/python3/dist-packages (from pip-audit==2.10.1->-r requirements-toolchain.lock (line 11)) (2.31.0)
Collecting tomli>=2.2.1 (from pip-audit==2.10.1->-r requirements-toolchain.lock (line 11))
  Using cached tomli-2.4.1-cp312-cp312-manylinux2014_x86_64.manylinux_2_17_x86_64.manylinux_2_28_x86_64.whl.metadata (10 kB)
Collecting tomli-w>=1.2.0 (from pip-audit==2.10.1->-r requirements-toolchain.lock (line 11))
  Using cached tomli_w-1.2.0-py3-none-any.whl.metadata (5.7 kB)
Requirement already satisfied: platformdirs>=4.2.0 in /usr/local/lib/python3.12/dist-packages (from pip-audit==2.10.1->-r requirements-toolchain.lock (line 11)) (4.10.1)
Collecting iniconfig>=1.0.1 (from pytest==9.0.2->-r requirements-toolchain.lock (line 12))
  Using cached iniconfig-2.3.0-py3-none-any.whl.metadata (2.5 kB)
Collecting pluggy<2,>=1.5 (from pytest==9.0.2->-r requirements-toolchain.lock (line 12))
  Using cached pluggy-1.6.0-py3-none-any.whl.metadata (4.8 kB)
Requirement already satisfied: pygments>=2.7.2 in /usr/lib/python3/dist-packages (from pytest==9.0.2->-r requirements-toolchain.lock (line 12)) (2.17.2)
Collecting msgpack<2.0.0,>=0.5.2 (from CacheControl>=0.13.0->CacheControl[filecache]>=0.13.0->pip-audit==2.10.1->-r requirements-toolchain.lock (line 11))
  Using cached msgpack-1.2.1-cp312-cp312-manylinux2014_x86_64.manylinux_2_17_x86_64.manylinux_2_28_x86_64.whl.metadata (8.3 kB)
Requirement already satisfied: filelock>=3.8.0 in /usr/local/lib/python3.12/dist-packages (from CacheControl[filecache]>=0.13.0->pip-audit==2.10.1->-r requirements-toolchain.lock (line 11)) (3.31.1)
Collecting license-expression<31,>=30 (from cyclonedx-python-lib<12,>=5->pip-audit==2.10.1->-r requirements-toolchain.lock (line 11))
  Using cached license_expression-30.4.4-py3-none-any.whl.metadata (11 kB)
Collecting packageurl-python<2,>=0.11 (from cyclonedx-python-lib<12,>=5->pip-audit==2.10.1->-r requirements-toolchain.lock (line 11))
  Using cached packageurl_python-0.17.6-py3-none-any.whl.metadata (5.1 kB)
Collecting py-serializable<3.0.0,>=2.1.0 (from cyclonedx-python-lib<12,>=5->pip-audit==2.10.1->-r requirements-toolchain.lock (line 11))
  Using cached py_serializable-2.1.0-py3-none-any.whl.metadata (4.3 kB)
Collecting sortedcontainers<3.0.0,>=2.4.0 (from cyclonedx-python-lib<12,>=5->pip-audit==2.10.1->-r requirements-toolchain.lock (line 11))
  Using cached sortedcontainers-2.4.0-py2.py3-none-any.whl.metadata (10 kB)
Requirement already satisfied: pip in /usr/lib/python3/dist-packages (from pip-api>=0.0.28->pip-audit==2.10.1->-r requirements-toolchain.lock (line 11)) (24.0)
Requirement already satisfied: pyparsing in /usr/lib/python3/dist-packages (from pip-requirements-parser>=32.0.0->pip-audit==2.10.1->-r requirements-toolchain.lock (line 11)) (3.1.1)
Requirement already satisfied: markdown-it-py>=2.2.0 in /usr/lib/python3/dist-packages (from rich->bandit==1.9.4->-r requirements-toolchain.lock (line 8)) (3.0.0)
Collecting boolean.py>=4.0 (from license-expression<31,>=30->cyclonedx-python-lib<12,>=5->pip-audit==2.10.1->-r requirements-toolchain.lock (line 11))
  Using cached boolean_py-5.0-py3-none-any.whl.metadata (2.3 kB)
Requirement already satisfied: mdurl~=0.1 in /usr/lib/python3/dist-packages (from markdown-it-py>=2.2.0->rich->bandit==1.9.4->-r requirements-toolchain.lock (line 8)) (0.1.2)
Collecting defusedxml<0.8.0,>=0.7.1 (from py-serializable<3.0.0,>=2.1.0->cyclonedx-python-lib<12,>=5->pip-audit==2.10.1->-r requirements-toolchain.lock (line 11))
  Using cached defusedxml-0.7.1-py2.py3-none-any.whl.metadata (32 kB)
Using cached cffi-2.0.0-cp312-cp312-manylinux2014_x86_64.manylinux_2_17_x86_64.whl (219 kB)
Using cached cryptography-50.0.0-cp311-abi3-manylinux_2_34_x86_64.whl (4.7 MB)
Using cached pillow-12.3.0-cp312-cp312-manylinux_2_27_x86_64.manylinux_2_28_x86_64.whl (6.9 MB)
Using cached pycparser-3.0-py3-none-any.whl (48 kB)
Using cached bandit-1.9.4-py3-none-any.whl (134 kB)
Using cached coverage-7.13.3-cp312-cp312-manylinux1_x86_64.manylinux_2_28_x86_64.manylinux_2_5_x86_64.whl (254 kB)
Using cached mypy-2.3.0-cp312-cp312-manylinux2014_x86_64.manylinux_2_17_x86_64.manylinux_2_28_x86_64.whl (15.3 MB)
Using cached pip_audit-2.10.1-py3-none-any.whl (62 kB)
Using cached pytest-9.0.2-py3-none-any.whl (374 kB)
Using cached pytest_cov-7.0.0-py3-none-any.whl (22 kB)
Using cached ruff-0.16.1-py3-none-manylinux_2_17_x86_64.manylinux2014_x86_64.whl (11.5 MB)
Using cached ast_serialize-0.6.0-cp39-abi3-manylinux_2_17_x86_64.manylinux2014_x86_64.whl (1.3 MB)
Using cached cachecontrol-0.14.4-py3-none-any.whl (22 kB)
Using cached cyclonedx_python_lib-11.11.0-py3-none-any.whl (528 kB)
Using cached iniconfig-2.3.0-py3-none-any.whl (7.5 kB)
Using cached librt-0.13.0-cp312-cp312-manylinux2014_x86_64.manylinux_2_17_x86_64.manylinux_2_28_x86_64.whl (531 kB)
Using cached mypy_extensions-1.1.0-py3-none-any.whl (5.0 kB)
Using cached pathspec-1.1.1-py3-none-any.whl (57 kB)
Using cached pip_api-0.0.34-py3-none-any.whl (120 kB)
Using cached pip_requirements_parser-32.0.1-py3-none-any.whl (35 kB)
Using cached pluggy-1.6.0-py3-none-any.whl (20 kB)
Using cached stevedore-5.9.0-py3-none-any.whl (54 kB)
Using cached tomli-2.4.1-cp312-cp312-manylinux2014_x86_64.manylinux_2_17_x86_64.manylinux_2_28_x86_64.whl (253 kB)
Using cached tomli_w-1.2.0-py3-none-any.whl (6.7 kB)
Using cached license_expression-30.4.4-py3-none-any.whl (120 kB)
Using cached msgpack-1.2.1-cp312-cp312-manylinux2014_x86_64.manylinux_2_17_x86_64.manylinux_2_28_x86_64.whl (419 kB)
Using cached packageurl_python-0.17.6-py3-none-any.whl (36 kB)
Using cached py_serializable-2.1.0-py3-none-any.whl (23 kB)
Using cached sortedcontainers-2.4.0-py2.py3-none-any.whl (29 kB)
Using cached boolean_py-5.0-py3-none-any.whl (26 kB)
Using cached defusedxml-0.7.1-py2.py3-none-any.whl (25 kB)
Installing collected packages: sortedcontainers, boolean.py, tomli-w, tomli, stevedore, ruff, pycparser, pluggy, pip-requirements-parser, pip-api, Pillow, pathspec, packageurl-python, mypy_extensions, msgpack, license-expression, librt, iniconfig, defusedxml, coverage, ast-serialize, pytest, py-serializable, mypy, cffi, CacheControl, pytest-cov, cyclonedx-python-lib, cryptography, bandit, pip-audit
Successfully installed CacheControl-0.14.4 Pillow-12.3.0 ast-serialize-0.6.0 bandit-1.9.4 boolean.py-5.0 cffi-2.0.0 coverage-7.13.3 cryptography-50.0.0 cyclonedx-python-lib-11.11.0 defusedxml-0.7.1 iniconfig-2.3.0 librt-0.13.0 license-expression-30.4.4 msgpack-1.2.1 mypy-2.3.0 mypy_extensions-1.1.0 packageurl-python-0.17.6 pathspec-1.1.1 pip-api-0.0.34 pip-audit-2.10.1 pip-requirements-parser-32.0.1 pluggy-1.6.0 py-serializable-2.1.0 pycparser-3.0 pytest-9.0.2 pytest-cov-7.0.0 ruff-0.16.1 sortedcontainers-2.4.0 stevedore-5.9.0 tomli-2.4.1 tomli-w-1.2.0
